C:/Users/amrit/Amrith MS/STM32/Projects/APP_LED_BLINK/Core/Src/main.c:69:5:main	16	static
C:/Users/amrit/Amrith MS/STM32/Projects/APP_LED_BLINK/Core/Src/main.c:126:6:SystemClock_Config	88	static
C:/Users/amrit/Amrith MS/STM32/Projects/APP_LED_BLINK/Core/Src/main.c:169:13:MX_USART3_UART_Init	8	static
C:/Users/amrit/Amrith MS/STM32/Projects/APP_LED_BLINK/Core/Src/main.c:204:13:MX_GPIO_Init	48	static
C:/Users/amrit/Amrith MS/STM32/Projects/APP_LED_BLINK/Core/Src/main.c:246:6:MPU_Config	24	static
C:/Users/amrit/Amrith MS/STM32/Projects/APP_LED_BLINK/Core/Src/main.c:277:6:Error_Handler	4	static,ignoring_inline_asm
