C:/Users/amrit/Amrith MS/STM32/Projects/APP_LED_BLINK/Core/Src/main.c:69:5:main	1
C:/Users/amrit/Amrith MS/STM32/Projects/APP_LED_BLINK/Core/Src/main.c:126:6:SystemClock_Config	3
C:/Users/amrit/Amrith MS/STM32/Projects/APP_LED_BLINK/Core/Src/main.c:169:13:MX_USART3_UART_Init	2
C:/Users/amrit/Amrith MS/STM32/Projects/APP_LED_BLINK/Core/Src/main.c:204:13:MX_GPIO_Init	1
C:/Users/amrit/Amrith MS/STM32/Projects/APP_LED_BLINK/Core/Src/main.c:246:6:MPU_Config	1
C:/Users/amrit/Amrith MS/STM32/Projects/APP_LED_BLINK/Core/Src/main.c:277:6:Error_Handler	1
