C:/Users/amrit/Amrith MS/STM32/Projects/APP_LED_BLINK/Core/Src/main.c:87:5:main	1
C:/Users/amrit/Amrith MS/STM32/Projects/APP_LED_BLINK/Core/Src/main.c:183:6:SystemClock_Config	3
C:/Users/amrit/Amrith MS/STM32/Projects/APP_LED_BLINK/Core/Src/main.c:226:13:MX_USART3_UART_Init	2
C:/Users/amrit/Amrith MS/STM32/Projects/APP_LED_BLINK/Core/Src/main.c:261:13:MX_GPIO_Init	1
C:/Users/amrit/Amrith MS/STM32/Projects/APP_LED_BLINK/Core/Src/main.c:308:6:StartDefaultTask	1
C:/Users/amrit/Amrith MS/STM32/Projects/APP_LED_BLINK/Core/Src/main.c:324:6:MPU_Config	1
C:/Users/amrit/Amrith MS/STM32/Projects/APP_LED_BLINK/Core/Src/main.c:359:6:HAL_TIM_PeriodElapsedCallback	2
C:/Users/amrit/Amrith MS/STM32/Projects/APP_LED_BLINK/Core/Src/main.c:377:6:Error_Handler	1
