C:/Users/amrit/Amrith MS/STM32/Projects/APP_LED_BLINK/Core/Src/main.c:87:5:main	16	static
C:/Users/amrit/Amrith MS/STM32/Projects/APP_LED_BLINK/Core/Src/main.c:183:6:SystemClock_Config	88	static
C:/Users/amrit/Amrith MS/STM32/Projects/APP_LED_BLINK/Core/Src/main.c:226:13:MX_USART3_UART_Init	8	static
C:/Users/amrit/Amrith MS/STM32/Projects/APP_LED_BLINK/Core/Src/main.c:261:13:MX_GPIO_Init	48	static
C:/Users/amrit/Amrith MS/STM32/Projects/APP_LED_BLINK/Core/Src/main.c:308:6:StartDefaultTask	16	static
C:/Users/amrit/Amrith MS/STM32/Projects/APP_LED_BLINK/Core/Src/main.c:324:6:MPU_Config	24	static
C:/Users/amrit/Amrith MS/STM32/Projects/APP_LED_BLINK/Core/Src/main.c:359:6:HAL_TIM_PeriodElapsedCallback	16	static
C:/Users/amrit/Amrith MS/STM32/Projects/APP_LED_BLINK/Core/Src/main.c:377:6:Error_Handler	4	static,ignoring_inline_asm
